// Jest Snapshot v1, https://goo.gl/fbAQLP

exports[`App Renders properly 1`] = `ShallowWrapper {}`;
