// Jest Snapshot v1, https://goo.gl/fbAQLP

exports[`Loot Renders properly 1`] = `ShallowWrapper {}`;
