// Jest Snapshot v1, https://goo.gl/fbAQLP

exports[`Wallet Renders properly 1`] = `ShallowWrapper {}`;
